// Jest Snapshot v1, https://goo.gl/fbAQLP

exports[`renders gallery image Matches the snapshot 1`] = `
<div
  className="makeStyles-box-1"
>
  <div
    className="makeStyles-image-2"
    style={
      Object {
        "backgroundImage": "URL(https://encrypted-tbn0.gstatic.com/images?q=tbn%3AANd9GcRWXoLhb1QGq1B52D9rNOdWzmIdy0IVkmKk9Q&usqp=CAU)",
      }
    }
  />
  <div
    className="makeStyles-text-3"
  >
    <h6
      className="MuiTypography-root MuiTypography-subtitle1"
    >
      React
    </h6>
  </div>
</div>
`;

exports[`renders gallery image Matches the snapshot admin 1`] = `
<div
  className="makeStyles-box-1"
>
  <div
    className="makeStyles-image-2"
    style={
      Object {
        "backgroundImage": "URL(https://encrypted-tbn0.gstatic.com/images?q=tbn%3AANd9GcRWXoLhb1QGq1B52D9rNOdWzmIdy0IVkmKk9Q&usqp=CAU)",
      }
    }
  />
  <div
    className="makeStyles-text-3"
  >
    <h6
      className="MuiTypography-root MuiTypography-subtitle1"
    >
      React
    </h6>
  </div>
  <div
    className="makeStyles-buttons-4"
  >
    <div
      className="makeStyles-flexItem-5"
    >
      <button
        className="MuiButtonBase-root MuiButton-root MuiButton-contained makeStyles-bttn-9 MuiButton-containedPrimary"
        data-testid="edit-button"
        disabled={false}
        onBlur={[Function]}
        onClick={[Function]}
        onDragLeave={[Function]}
        onFocus={[Function]}
        onKeyDown={[Function]}
        onKeyUp={[Function]}
        onMouseDown={[Function]}
        onMouseLeave={[Function]}
        onMouseUp={[Function]}
        onTouchEnd={[Function]}
        onTouchMove={[Function]}
        onTouchStart={[Function]}
        tabIndex={0}
        type="button"
        value="Edit"
      >
        <span
          className="MuiButton-label"
        >
          Edit
        </span>
      </button>
    </div>
    <div
      className="makeStyles-flexItem-5"
    >
      <button
        className="MuiButtonBase-root MuiButton-root MuiButton-contained makeStyles-flexItem-5 MuiButton-containedSecondary"
        data-testid="delete-button"
        disabled={false}
        onBlur={[Function]}
        onClick={[Function]}
        onDragLeave={[Function]}
        onFocus={[Function]}
        onKeyDown={[Function]}
        onKeyUp={[Function]}
        onMouseDown={[Function]}
        onMouseLeave={[Function]}
        onMouseUp={[Function]}
        onTouchEnd={[Function]}
        onTouchMove={[Function]}
        onTouchStart={[Function]}
        tabIndex={0}
        type="button"
        value="Delete"
      >
        <span
          className="MuiButton-label"
        >
          Delete
        </span>
      </button>
    </div>
  </div>
</div>
`;
